// Jest Snapshot v1, https://goo.gl/fbAQLP

exports[`<Register/> renders and matches snapshot 1`] = `
<form
  className="Form-sc-1daxlju-0 fLMzho"
  method="post"
  onSubmit={[Function]}
>
  <fieldset
    aria-busy={false}
    disabled={false}
  >
    <h2>
      Create a new account
    </h2>
    <DisplayError
      error={Object {}}
    />
    <label
      htmlFor="name"
    >
      <input
        name="name"
        onChange={[Function]}
        placeholder="name"
        type="text"
        value=""
      />
    </label>
    <label
      htmlFor="email"
    >
      <input
        name="email"
        onChange={[Function]}
        placeholder="email"
        type="email"
        value=""
      />
    </label>
    <label
      htmlFor="password"
    >
      <input
        name="password"
        onChange={[Function]}
        placeholder="password"
        type="password"
        value=""
      />
    </label>
    <button
      type="submit"
    >
      Register
    </button>
  </fieldset>
</form>
`;
